// Jest Snapshot v1, https://goo.gl/fbAQLP

exports[`index.ts callWithOffchainData() passes a call execution error if its not recognized 1`] = `"could not parse error. can it be decoded elsewhere? {"cause":{"details":"0x08273020","shortMessage":"An unknown RPC error occurred.","version":"2.21.9","name":"UnknownRpcError","code":-1},"details":"0x08273020","metaMessages":["Raw Call Arguments:","  to:     0xE2C5658cC5C448B48141168f3e475dF8f65A1e3e\\n  value:  0 ETH\\n  data:   0x174dea71000000000000000000000000000000000000000000000000000000000000002000000000000000000000000000000000000000000000000000000000000000010000000000000000000000000000000000000000000000000000000000000020000000000000000000000000123412341234123412341234123412341234123400000000000000000000000000000000000000000000000000000000000000010000000000000000000000000000000000000000000000000000000000000000000000000000000000000000000000000000000000000000000000000000008000000000000000000000000000000000000000000000000000000000000000041234567800000000000000000000000000000000000000000000000000000000"],"shortMessage":"An unknown RPC error occurred.","version":"2.21.9","name":"CallExecutionError"}"`;

exports[`index.ts makeTrustedForwarderMulticall() works even if data and value are unset 1`] = `
{
  "data": "0x174dea7100000000000000000000000000000000000000000000000000000000000000200000000000000000000000000000000000000000000000000000000000000001000000000000000000000000000000000000000000000000000000000000002000000000000000000000000000000000000000000000000000000000000000000000000000000000000000000000000000000000000000000000000000000001000000000000000000000000000000000000000000000000000000000000000000000000000000000000000000000000000000000000000000000000000000800000000000000000000000000000000000000000000000000000000000000000",
  "from": "0x0000000000000000000000000000000000000000",
  "to": "0xE2C5658cC5C448B48141168f3e475dF8f65A1e3e",
  "value": 0n,
}
`;
